14:28:18:700  INFO 13904 --- [main] com.ss.user.UserApplication              : The following 1 profile is active: "dev"
14:28:19:533  INFO 13904 --- [main] o.s.cloud.context.scope.GenericScope     : BeanFactory id=d9b2db53-d740-35a6-8694-2a39e0a7bc32
14:28:19:598  INFO 13904 --- [main] trationDelegate$BeanPostProcessorChecker : Bean 'io.seata.spring.boot.autoconfigure.SeataCoreAutoConfiguration' of type [io.seata.spring.boot.autoconfigure.SeataCoreAutoConfiguration] is not eligible for getting processed by all BeanPostProcessors (for example: not eligible for auto-proxying)
14:28:19:599  INFO 13904 --- [main] trationDelegate$BeanPostProcessorChecker : Bean 'springApplicationContextProvider' of type [io.seata.spring.boot.autoconfigure.provider.SpringApplicationContextProvider] is not eligible for getting processed by all BeanPostProcessors (for example: not eligible for auto-proxying)
14:28:19:600  INFO 13904 --- [main] trationDelegate$BeanPostProcessorChecker : Bean 'io.seata.spring.boot.autoconfigure.SeataAutoConfiguration' of type [io.seata.spring.boot.autoconfigure.SeataAutoConfiguration] is not eligible for getting processed by all BeanPostProcessors (for example: not eligible for auto-proxying)
14:28:19:639  INFO 13904 --- [main] trationDelegate$BeanPostProcessorChecker : Bean 'failureHandler' of type [io.seata.tm.api.DefaultFailureHandlerImpl] is not eligible for getting processed by all BeanPostProcessors (for example: not eligible for auto-proxying)
14:28:19:642  INFO 13904 --- [main] trationDelegate$BeanPostProcessorChecker : Bean 'org.springframework.cloud.commons.config.CommonsConfigAutoConfiguration' of type [org.springframework.cloud.commons.config.CommonsConfigAutoConfiguration] is not eligible for getting processed by all BeanPostProcessors (for example: not eligible for auto-proxying)
14:28:19:643  INFO 13904 --- [main] trationDelegate$BeanPostProcessorChecker : Bean 'org.springframework.cloud.client.loadbalancer.LoadBalancerDefaultMappingsProviderAutoConfiguration' of type [org.springframework.cloud.client.loadbalancer.LoadBalancerDefaultMappingsProviderAutoConfiguration] is not eligible for getting processed by all BeanPostProcessors (for example: not eligible for auto-proxying)
14:28:19:643  INFO 13904 --- [main] trationDelegate$BeanPostProcessorChecker : Bean 'loadBalancerClientsDefaultsMappingsProvider' of type [org.springframework.cloud.client.loadbalancer.LoadBalancerDefaultMappingsProviderAutoConfiguration$$Lambda$574/0x000001634f617ac8] is not eligible for getting processed by all BeanPostProcessors (for example: not eligible for auto-proxying)
14:28:19:643  INFO 13904 --- [main] trationDelegate$BeanPostProcessorChecker : Bean 'defaultsBindHandlerAdvisor' of type [org.springframework.cloud.commons.config.DefaultsBindHandlerAdvisor] is not eligible for getting processed by all BeanPostProcessors (for example: not eligible for auto-proxying)
14:28:19:646  INFO 13904 --- [main] trationDelegate$BeanPostProcessorChecker : Bean 'springCloudAlibabaConfiguration' of type [io.seata.spring.boot.autoconfigure.properties.SpringCloudAlibabaConfiguration] is not eligible for getting processed by all BeanPostProcessors (for example: not eligible for auto-proxying)
14:28:19:648  INFO 13904 --- [main] trationDelegate$BeanPostProcessorChecker : Bean 'seataProperties' of type [io.seata.spring.boot.autoconfigure.properties.SeataProperties] is not eligible for getting processed by all BeanPostProcessors (for example: not eligible for auto-proxying)
14:28:19:649  INFO 13904 --- [main] i.s.s.b.a.SeataAutoConfiguration         : Automatically configure Seata
14:28:19:701  INFO 13904 --- [main] io.seata.config.ConfigurationFactory     : load Configuration from :Spring Configuration
14:28:19:706  INFO 13904 --- [main] io.seata.config.ConfigurationFactory     : load Configuration from :Spring Configuration
14:28:19:725  WARN 13904 --- [main] ConfigServletWebServerApplicationContext : Exception encountered during context initialization - cancelling refresh attempt: org.springframework.beans.factory.BeanCreationException: Error creating bean with name 'globalTransactionScanner' defined in class path resource [io/seata/spring/boot/autoconfigure/SeataAutoConfiguration.class]: Bean instantiation via factory method failed; nested exception is org.springframework.beans.BeanInstantiationException: Failed to instantiate [io.seata.spring.annotation.GlobalTransactionScanner]: Factory method 'globalTransactionScanner' threw exception; nested exception is java.lang.ExceptionInInitializerError
14:28:19:734  INFO 13904 --- [main] ConditionEvaluationReportLoggingListener : 

Error starting ApplicationContext. To display the conditions report re-run your application with 'debug' enabled.
14:28:19:754 ERROR 13904 --- [main] o.s.boot.SpringApplication               : Application run failed

org.springframework.beans.factory.BeanCreationException: Error creating bean with name 'globalTransactionScanner' defined in class path resource [io/seata/spring/boot/autoconfigure/SeataAutoConfiguration.class]: Bean instantiation via factory method failed; nested exception is org.springframework.beans.BeanInstantiationException: Failed to instantiate [io.seata.spring.annotation.GlobalTransactionScanner]: Factory method 'globalTransactionScanner' threw exception; nested exception is java.lang.ExceptionInInitializerError
	at org.springframework.beans.factory.support.ConstructorResolver.instantiate(ConstructorResolver.java:653) ~[spring-beans-5.3.31.jar:5.3.31]
	at org.springframework.beans.factory.support.ConstructorResolver.instantiateUsingFactoryMethod(ConstructorResolver.java:633) ~[spring-beans-5.3.31.jar:5.3.31]
	at org.springframework.beans.factory.support.AbstractAutowireCapableBeanFactory.instantiateUsingFactoryMethod(AbstractAutowireCapableBeanFactory.java:1352) ~[spring-beans-5.3.31.jar:5.3.31]
	at org.springframework.beans.factory.support.AbstractAutowireCapableBeanFactory.createBeanInstance(AbstractAutowireCapableBeanFactory.java:1195) ~[spring-beans-5.3.31.jar:5.3.31]
	at org.springframework.beans.factory.support.AbstractAutowireCapableBeanFactory.doCreateBean(AbstractAutowireCapableBeanFactory.java:582) ~[spring-beans-5.3.31.jar:5.3.31]
	at org.springframework.beans.factory.support.AbstractAutowireCapableBeanFactory.createBean(AbstractAutowireCapableBeanFactory.java:542) ~[spring-beans-5.3.31.jar:5.3.31]
	at org.springframework.beans.factory.support.AbstractBeanFactory.lambda$doGetBean$0(AbstractBeanFactory.java:335) ~[spring-beans-5.3.31.jar:5.3.31]
	at org.springframework.beans.factory.support.DefaultSingletonBeanRegistry.getSingleton(DefaultSingletonBeanRegistry.java:234) ~[spring-beans-5.3.31.jar:5.3.31]
	at org.springframework.beans.factory.support.AbstractBeanFactory.doGetBean(AbstractBeanFactory.java:333) ~[spring-beans-5.3.31.jar:5.3.31]
	at org.springframework.beans.factory.support.AbstractBeanFactory.getBean(AbstractBeanFactory.java:213) ~[spring-beans-5.3.31.jar:5.3.31]
	at org.springframework.context.support.PostProcessorRegistrationDelegate.registerBeanPostProcessors(PostProcessorRegistrationDelegate.java:258) ~[spring-context-5.3.31.jar:5.3.31]
	at org.springframework.context.support.AbstractApplicationContext.registerBeanPostProcessors(AbstractApplicationContext.java:773) ~[spring-context-5.3.31.jar:5.3.31]
	at org.springframework.context.support.AbstractApplicationContext.refresh(AbstractApplicationContext.java:575) ~[spring-context-5.3.31.jar:5.3.31]
	at org.springframework.boot.web.servlet.context.ServletWebServerApplicationContext.refresh(ServletWebServerApplicationContext.java:147) ~[spring-boot-2.7.18.jar:2.7.18]
	at org.springframework.boot.SpringApplication.refresh(SpringApplication.java:732) ~[spring-boot-2.7.18.jar:2.7.18]
	at org.springframework.boot.SpringApplication.refreshContext(SpringApplication.java:409) ~[spring-boot-2.7.18.jar:2.7.18]
	at org.springframework.boot.SpringApplication.run(SpringApplication.java:308) ~[spring-boot-2.7.18.jar:2.7.18]
	at org.springframework.boot.SpringApplication.run(SpringApplication.java:1300) ~[spring-boot-2.7.18.jar:2.7.18]
	at org.springframework.boot.SpringApplication.run(SpringApplication.java:1289) ~[spring-boot-2.7.18.jar:2.7.18]
	at com.ss.user.UserApplication.main(UserApplication.java:14) ~[classes/:na]
Caused by: org.springframework.beans.BeanInstantiationException: Failed to instantiate [io.seata.spring.annotation.GlobalTransactionScanner]: Factory method 'globalTransactionScanner' threw exception; nested exception is java.lang.ExceptionInInitializerError
	at org.springframework.beans.factory.support.SimpleInstantiationStrategy.instantiate(SimpleInstantiationStrategy.java:185) ~[spring-beans-5.3.31.jar:5.3.31]
	at org.springframework.beans.factory.support.ConstructorResolver.instantiate(ConstructorResolver.java:648) ~[spring-beans-5.3.31.jar:5.3.31]
	... 19 common frames omitted
Caused by: java.lang.ExceptionInInitializerError: null
	at net.sf.cglib.core.KeyFactory$Generator.generateClass(KeyFactory.java:166) ~[cglib-3.1.jar:na]
	at net.sf.cglib.core.DefaultGeneratorStrategy.generate(DefaultGeneratorStrategy.java:25) ~[cglib-3.1.jar:na]
	at net.sf.cglib.core.AbstractClassGenerator.create(AbstractClassGenerator.java:216) ~[cglib-3.1.jar:na]
	at net.sf.cglib.core.KeyFactory$Generator.create(KeyFactory.java:144) ~[cglib-3.1.jar:na]
	at net.sf.cglib.core.KeyFactory.create(KeyFactory.java:116) ~[cglib-3.1.jar:na]
	at net.sf.cglib.core.KeyFactory.create(KeyFactory.java:108) ~[cglib-3.1.jar:na]
	at net.sf.cglib.core.KeyFactory.create(KeyFactory.java:104) ~[cglib-3.1.jar:na]
	at net.sf.cglib.proxy.Enhancer.<clinit>(Enhancer.java:69) ~[cglib-3.1.jar:na]
	at io.seata.config.ConfigurationCache.proxy(ConfigurationCache.java:104) ~[seata-all-1.5.2.jar:1.5.2]
	at io.seata.config.ConfigurationFactory.buildConfiguration(ConfigurationFactory.java:136) ~[seata-all-1.5.2.jar:1.5.2]
	at io.seata.config.ConfigurationFactory.getInstance(ConfigurationFactory.java:94) ~[seata-all-1.5.2.jar:1.5.2]
	at io.seata.spring.annotation.GlobalTransactionScanner.<init>(GlobalTransactionScanner.java:105) ~[seata-all-1.5.2.jar:1.5.2]
	at io.seata.spring.annotation.GlobalTransactionScanner.<init>(GlobalTransactionScanner.java:162) ~[seata-all-1.5.2.jar:1.5.2]
	at io.seata.spring.boot.autoconfigure.SeataAutoConfiguration.globalTransactionScanner(SeataAutoConfiguration.java:83) ~[seata-spring-boot-starter-1.5.2.jar:1.5.2]
	at java.base/jdk.internal.reflect.NativeMethodAccessorImpl.invoke0(Native Method) ~[na:na]
	at java.base/jdk.internal.reflect.NativeMethodAccessorImpl.invoke(NativeMethodAccessorImpl.java:77) ~[na:na]
	at java.base/jdk.internal.reflect.DelegatingMethodAccessorImpl.invoke(DelegatingMethodAccessorImpl.java:43) ~[na:na]
	at java.base/java.lang.reflect.Method.invoke(Method.java:569) ~[na:na]
	at org.springframework.beans.factory.support.SimpleInstantiationStrategy.instantiate(SimpleInstantiationStrategy.java:154) ~[spring-beans-5.3.31.jar:5.3.31]
	... 20 common frames omitted
Caused by: java.lang.reflect.InaccessibleObjectException: Unable to make protected final java.lang.Class java.lang.ClassLoader.defineClass(java.lang.String,byte[],int,int,java.security.ProtectionDomain) throws java.lang.ClassFormatError accessible: module java.base does not "opens java.lang" to unnamed module @1efee8e7
	at java.base/java.lang.reflect.AccessibleObject.checkCanSetAccessible(AccessibleObject.java:354) ~[na:na]
	at java.base/java.lang.reflect.AccessibleObject.checkCanSetAccessible(AccessibleObject.java:297) ~[na:na]
	at java.base/java.lang.reflect.Method.checkCanSetAccessible(Method.java:200) ~[na:na]
	at java.base/java.lang.reflect.Method.setAccessible(Method.java:194) ~[na:na]
	at net.sf.cglib.core.ReflectUtils$2.run(ReflectUtils.java:56) ~[cglib-3.1.jar:na]
	at java.base/java.security.AccessController.doPrivileged(AccessController.java:318) ~[na:na]
	at net.sf.cglib.core.ReflectUtils.<clinit>(ReflectUtils.java:46) ~[cglib-3.1.jar:na]
	... 39 common frames omitted

14:28:19:756  WARN 13904 --- [Thread-5] c.a.nacos.common.notify.NotifyCenter     : [NotifyCenter] Start destroying Publisher
14:28:19:756  WARN 13904 --- [Thread-1] c.a.n.common.http.HttpClientBeanHolder   : [HttpClientBeanHolder] Start destroying common HttpClient
14:28:19:756  WARN 13904 --- [Thread-5] c.a.nacos.common.notify.NotifyCenter     : [NotifyCenter] Destruction of the end
14:28:19:756  WARN 13904 --- [Thread-1] c.a.n.common.http.HttpClientBeanHolder   : [HttpClientBeanHolder] Destruction of the end
